Testing Prompt Construction...
Generating with Prompt:
Generate a photorealistic Living Room interior.
    
Design Style: Refined Southern Traditional
Mood: Historic, layered, gracious
Designer Note: This palette behaves like a string quartetùformal, restrained, and timeless. Avoid high-contrast whites.

Architectural Context:
Plaster or paneled walls, fireplace as anchor

Room Features:
Tailored sofas, rolled arms, skirted furniture, antique rugs

Color Palette (Light Scheme):
Dominant (60%): Warm Ivory (BM White Dove); Grounding (30%): Antique Oak; Accent (10%): Chinoiserie Blue

References:
Architect: Historical Concepts
Designer: Bunny Williams

Format: Wide cinematic aspect ratio (16:9)
High quality, detailed, architectural photography, 8k resolution.
Generating with model: gemini-2.5-flash-image
